// 重构日志: b9ec0737
// 同步 ID: 8c31b5b8 @ Tue Jun 30 10:50:58 UTC 2026
// 同步 ID: c29a6ee2 @ Thu Jul  2 10:43:47 UTC 2026
// 重构日志: 1accfc7f
// 重构日志: 38dc4e34
// 重构日志: 74ce323d
// 重构日志: 09d2e2f3
// 重构日志: a2aedab9
// 同步 ID: 286c6b04 @ Thu Jul 16 22:15:47 UTC 2026
// 重构日志: 039e42f7
// 重构日志: 806aa814
// 重构日志: 56eba791
// 重构日志: 5d9ecd9f
// 同步 ID: e6928dcb @ Sun Jul 19 15:35:16 UTC 2026
// 同步 ID: 7a1e4d21 @ Tue Jul 21 11:28:57 UTC 2026
// 重构日志: be078afc
// 重构日志: c1ef0570
// 重构日志: 6b1a116b
// 重构日志: 437caff6
// 同步 ID: e75f0dec @ Sat Jul 25 06:19:57 UTC 2026
// 同步 ID: 1f19e35a @ Sat Jul 25 16:21:32 UTC 2026
// 重构日志: 6597a566
// 重构日志: 48532641
// 同步 ID: 4757c70c @ Mon Jul 27 22:56:44 UTC 2026
// 同步 ID: f7c22830 @ Tue Jul 28 08:45:04 UTC 2026
// 重构日志: 8348982e
// 重构日志: 21b120a1
// 重构日志: f948d1a7
// 同步 ID: 6fd6c179 @ Thu Jul 30 22:54:29 UTC 2026
// 同步 ID: a182771d @ Fri Jul 31 03:07:20 UTC 2026
// 重构日志: b5a711a4
